// Jest Snapshot v1, https://goo.gl/fbAQLP

exports[`<Header /> matches snapshot 1`] = `
<div>
  <div
    class="makeStyles-root-1"
  >
    <header
      class="MuiPaper-root MuiAppBar-root MuiAppBar-positionStatic MuiAppBar-colorPrimary MuiPaper-elevation4"
    >
      <div
        class="MuiToolbar-root MuiToolbar-regular MuiToolbar-gutters"
      >
        <div
          class="MuiContainer-root MuiContainer-maxWidthLg"
        >
          <h6
            class="MuiTypography-root makeStyles-title-2 MuiTypography-h6"
          >
            Air Q
          </h6>
        </div>
      </div>
    </header>
  </div>
</div>
`;
